No files changed, compilation skipped

Ran 43 tests for test/raffle/Raffle.t.sol:RaffleTest
[PASS] testFuzz_buyerOfMatchesNaiveScan(uint256,uint8) (runs: 512, μ: 1590969, ~: 1166179)
[PASS] test_buy_entropyOutage_lastBuyStillSucceeds() (gas: 3976950)
[PASS] test_buy_feeSpike_lastBuyStillSucceeds_thenAnyoneRequests() (gas: 690467)
[PASS] test_buy_guards() (gas: 306858)
[PASS] test_buy_lastTicketRequestsDrawFromReserve() (gas: 722323)
[PASS] test_buy_rangesAndLiability() (gas: 492673)
[PASS] test_callback_onlyEntropy() (gas: 13537)
[PASS] test_callback_orphanDoesNotRevert() (gas: 15027)
[PASS] test_callback_recordsUniformIndex() (gas: 674502)
[PASS] test_constructor_redrawTimeoutBounds() (gas: 3617774)
[PASS] test_constructor_rejectsNonSixDecimalUsdc() (gas: 584099)
[PASS] test_constructor_zeroAddresses() (gas: 443602)
[PASS] test_create_baseBounds() (gas: 332706)
[PASS] test_create_baseZero_reverts() (gas: 31112)
[PASS] test_create_feeTicketsRoundUp() (gas: 25672)
[PASS] test_create_nftOffAtLaunch() (gas: 83119)
[PASS] test_create_nonRoundBase_ticketsRoundUp() (gas: 700758)
[PASS] test_create_onlyOwner() (gas: 24001)
[PASS] test_create_prizeMustBeRegistryEnabled() (gas: 43589)
[PASS] test_create_rejectsFeeOnTransferPrize() (gas: 913587)
[PASS] test_create_reserveTooLow() (gas: 46207)
[PASS] test_create_ticketsAndEscrow() (gas: 303882)
[PASS] test_create_zeroPayee() (gas: 27861)
[PASS] test_create_zeroPrize() (gas: 30834)
[PASS] test_draw_everyRequestGetsADistinctSeed() (gas: 1208299)
[PASS] test_draw_passesContractMixedSeedToEntropy() (gas: 726946)
[PASS] test_feeChange_doesNotTouchLiveRaffle() (gas: 311352)
[PASS] test_gas_largeRaffle() (gas: 66275799)
Logs:
  buy (1 ticket, 2k purchases deep): 44263
  last buy incl. Entropy request: 226965
  settle over 2,003 purchases / 11,000 tickets: 139477

[PASS] test_launchDefaults() (gas: 26039)
[PASS] test_nftPrize_whenEnabled_fullCycle() (gas: 838620)
[PASS] test_ownerHasNoPathToEscrow() (gas: 526507)
[PASS] test_ownerSetters_boundsAndAccess() (gas: 43025)
[PASS] test_reentrancy_prizeTokenCannotReenter() (gas: 1377414)
[PASS] test_retryDraw_onlyAfterTimeout_andOnlyIfNeverRevealed() (gas: 812312)
[PASS] test_retryDraw_onlyOwnerPayeeOrKeeper() (gas: 1086614)
[PASS] test_retryDraw_timeoutSnapshottedAtCreation() (gas: 1336600)
[PASS] test_settle_beforeDraw_reverts() (gas: 664637)
[PASS] test_settle_firstAndLastTicket() (gas: 1283334)
[PASS] test_settle_paysEveryLeg() (gas: 771466)
[PASS] test_settle_refusedPayee_creditsUsdc() (gas: 4667356)
[PASS] test_settle_refusedWinner_creditsPrize_othersStillPaid() (gas: 1289537)
[PASS] test_tryTransfer_strictReturnData() (gas: 4551365)
[PASS] test_withdraw_creditsPayOnlyOnce() (gas: 681182)
Suite result: ok. 43 passed; 0 failed; 0 skipped; finished in 1.79s (2.12s CPU time)

Ran 1 test suite in 1.82s (1.79s CPU time): 43 tests passed, 0 failed, 0 skipped (43 total tests)
