Compiling 1 files with Solc 0.8.24
Solc 0.8.24 finished in 7.31s
Compiler run successful!

Ran 5 tests for test/raffle/Raffle.invariant.t.sol:RaffleInvariantTest
[PASS] invariant_drawIsHonest() (runs: 256, calls: 20480, reverts: 0)

╭---------------+--------------------+-------+---------+----------╮
| Contract      | Selector           | Calls | Reverts | Discards |
+=================================================================+
| RaffleHandler | buy                | 2290  | 0       | 0        |
|---------------+--------------------+-------+---------+----------|
| RaffleHandler | claimPrize         | 2260  | 0       | 0        |
|---------------+--------------------+-------+---------+----------|
| RaffleHandler | create             | 2270  | 0       | 0        |
|---------------+--------------------+-------+---------+----------|
| RaffleHandler | feeSpikeAndRequest | 2296  | 0       | 0        |
|---------------+--------------------+-------+---------+----------|
| RaffleHandler | reveal             | 2238  | 0       | 0        |
|---------------+--------------------+-------+---------+----------|
| RaffleHandler | settle             | 2229  | 0       | 0        |
|---------------+--------------------+-------+---------+----------|
| RaffleHandler | stallAndRetry      | 2379  | 0       | 0        |
|---------------+--------------------+-------+---------+----------|
| RaffleHandler | toggleBlacklist    | 2245  | 0       | 0        |
|---------------+--------------------+-------+---------+----------|
| RaffleHandler | withdraw           | 2273  | 0       | 0        |
╰---------------+--------------------+-------+---------+----------╯

[PASS] invariant_ethAlwaysBalances() (runs: 256, calls: 20480, reverts: 0)

╭---------------+--------------------+-------+---------+----------╮
| Contract      | Selector           | Calls | Reverts | Discards |
+=================================================================+
| RaffleHandler | buy                | 2290  | 0       | 0        |
|---------------+--------------------+-------+---------+----------|
| RaffleHandler | claimPrize         | 2260  | 0       | 0        |
|---------------+--------------------+-------+---------+----------|
| RaffleHandler | create             | 2270  | 0       | 0        |
|---------------+--------------------+-------+---------+----------|
| RaffleHandler | feeSpikeAndRequest | 2296  | 0       | 0        |
|---------------+--------------------+-------+---------+----------|
| RaffleHandler | reveal             | 2238  | 0       | 0        |
|---------------+--------------------+-------+---------+----------|
| RaffleHandler | settle             | 2229  | 0       | 0        |
|---------------+--------------------+-------+---------+----------|
| RaffleHandler | stallAndRetry      | 2379  | 0       | 0        |
|---------------+--------------------+-------+---------+----------|
| RaffleHandler | toggleBlacklist    | 2245  | 0       | 0        |
|---------------+--------------------+-------+---------+----------|
| RaffleHandler | withdraw           | 2273  | 0       | 0        |
╰---------------+--------------------+-------+---------+----------╯

[PASS] invariant_prizesAlwaysBalance() (runs: 256, calls: 20480, reverts: 0)

╭---------------+--------------------+-------+---------+----------╮
| Contract      | Selector           | Calls | Reverts | Discards |
+=================================================================+
| RaffleHandler | buy                | 2290  | 0       | 0        |
|---------------+--------------------+-------+---------+----------|
| RaffleHandler | claimPrize         | 2260  | 0       | 0        |
|---------------+--------------------+-------+---------+----------|
| RaffleHandler | create             | 2270  | 0       | 0        |
|---------------+--------------------+-------+---------+----------|
| RaffleHandler | feeSpikeAndRequest | 2296  | 0       | 0        |
|---------------+--------------------+-------+---------+----------|
| RaffleHandler | reveal             | 2238  | 0       | 0        |
|---------------+--------------------+-------+---------+----------|
| RaffleHandler | settle             | 2229  | 0       | 0        |
|---------------+--------------------+-------+---------+----------|
| RaffleHandler | stallAndRetry      | 2379  | 0       | 0        |
|---------------+--------------------+-------+---------+----------|
| RaffleHandler | toggleBlacklist    | 2245  | 0       | 0        |
|---------------+--------------------+-------+---------+----------|
| RaffleHandler | withdraw           | 2273  | 0       | 0        |
╰---------------+--------------------+-------+---------+----------╯

[PASS] invariant_usdcAlwaysBalances() (runs: 256, calls: 20480, reverts: 0)

╭---------------+--------------------+-------+---------+----------╮
| Contract      | Selector           | Calls | Reverts | Discards |
+=================================================================+
| RaffleHandler | buy                | 2290  | 0       | 0        |
|---------------+--------------------+-------+---------+----------|
| RaffleHandler | claimPrize         | 2260  | 0       | 0        |
|---------------+--------------------+-------+---------+----------|
| RaffleHandler | create             | 2270  | 0       | 0        |
|---------------+--------------------+-------+---------+----------|
| RaffleHandler | feeSpikeAndRequest | 2296  | 0       | 0        |
|---------------+--------------------+-------+---------+----------|
| RaffleHandler | reveal             | 2238  | 0       | 0        |
|---------------+--------------------+-------+---------+----------|
| RaffleHandler | settle             | 2229  | 0       | 0        |
|---------------+--------------------+-------+---------+----------|
| RaffleHandler | stallAndRetry      | 2379  | 0       | 0        |
|---------------+--------------------+-------+---------+----------|
| RaffleHandler | toggleBlacklist    | 2245  | 0       | 0        |
|---------------+--------------------+-------+---------+----------|
| RaffleHandler | withdraw           | 2273  | 0       | 0        |
╰---------------+--------------------+-------+---------+----------╯

[PASS] invariant_usdcConserved() (runs: 256, calls: 20480, reverts: 0)

╭---------------+--------------------+-------+---------+----------╮
| Contract      | Selector           | Calls | Reverts | Discards |
+=================================================================+
| RaffleHandler | buy                | 2290  | 0       | 0        |
|---------------+--------------------+-------+---------+----------|
| RaffleHandler | claimPrize         | 2260  | 0       | 0        |
|---------------+--------------------+-------+---------+----------|
| RaffleHandler | create             | 2270  | 0       | 0        |
|---------------+--------------------+-------+---------+----------|
| RaffleHandler | feeSpikeAndRequest | 2296  | 0       | 0        |
|---------------+--------------------+-------+---------+----------|
| RaffleHandler | reveal             | 2238  | 0       | 0        |
|---------------+--------------------+-------+---------+----------|
| RaffleHandler | settle             | 2229  | 0       | 0        |
|---------------+--------------------+-------+---------+----------|
| RaffleHandler | stallAndRetry      | 2379  | 0       | 0        |
|---------------+--------------------+-------+---------+----------|
| RaffleHandler | toggleBlacklist    | 2245  | 0       | 0        |
|---------------+--------------------+-------+---------+----------|
| RaffleHandler | withdraw           | 2273  | 0       | 0        |
╰---------------+--------------------+-------+---------+----------╯

Suite result: ok. 5 passed; 0 failed; 0 skipped; finished in 21.35s (90.60s CPU time)

Ran 1 test suite in 21.36s (21.35s CPU time): 5 tests passed, 0 failed, 0 skipped (5 total tests)
