No files changed, compilation skipped

Ran 36 tests for test/raffle/Raffle.t.sol:RaffleTest
[PASS] testFuzz_buyerOfMatchesNaiveScan(uint256,uint8) (runs: 512, μ: 4510225, ~: 2999464)
[PASS] test_buy_entropyOutage_lastBuyStillSucceeds() (gas: 4316555)
[PASS] test_buy_feeSpike_lastBuyStillSucceeds_thenAnyoneRequests() (gas: 843254)
[PASS] test_buy_guards() (gas: 380056)
[PASS] test_buy_lastTicketRequestsDrawFromReserve() (gas: 769876)
[PASS] test_buy_rangesAndLiability() (gas: 709269)
[PASS] test_callback_onlyEntropy() (gas: 35205)
[PASS] test_callback_orphanDoesNotRevert() (gas: 36673)
[PASS] test_callback_recordsUniformIndex() (gas: 789987)
[PASS] test_constructor_redrawTimeoutBounds() (gas: 4425736)
[PASS] test_constructor_rejectsNonSixDecimalUsdc() (gas: 997669)
[PASS] test_constructor_zeroAddresses() (gas: 434979)
[PASS] test_create_baseBounds() (gas: 399555)
[PASS] test_create_feeTicketsRoundUp() (gas: 68296)
[PASS] test_create_nftOffAtLaunch() (gas: 126878)
[PASS] test_create_nonRoundBase_ticketsRoundUp() (gas: 894132)
[PASS] test_create_onlyOwner() (gas: 46222)
[PASS] test_create_prizeMustBeRegistryEnabled() (gas: 91872)
[PASS] test_create_rejectsFeeOnTransferPrize() (gas: 1092970)
[PASS] test_create_reserveTooLow() (gas: 68497)
[PASS] test_create_ticketsAndEscrow() (gas: 338641)
[PASS] test_create_zeroPayee() (gas: 49909)
[PASS] test_create_zeroPrize() (gas: 52942)
[PASS] test_feeChange_doesNotTouchLiveRaffle() (gas: 365450)
[PASS] test_launchDefaults() (gas: 55874)
[PASS] test_nftPrize_whenEnabled_fullCycle() (gas: 1273078)
[PASS] test_ownerHasNoPathToEscrow() (gas: 851300)
[PASS] test_ownerSetters_boundsAndAccess() (gas: 212901)
[PASS] test_reentrancy_prizeTokenCannotReenter() (gas: 1787286)
[PASS] test_retryDraw_onlyAfterTimeout_andOnlyIfNeverRevealed() (gas: 1204720)
[PASS] test_settle_beforeDraw_reverts() (gas: 642636)
[PASS] test_settle_firstAndLastTicket() (gas: 2005689)
[PASS] test_settle_paysEveryLeg() (gas: 1206338)
[PASS] test_settle_refusedPayee_creditsUsdc() (gas: 5429033)
[PASS] test_settle_refusedWinner_creditsPrize_othersStillPaid() (gas: 1928159)
[PASS] test_withdraw_creditsPayOnlyOnce() (gas: 930512)
Suite result: ok. 36 passed; 0 failed; 0 skipped; finished in 1.30s (1.35s CPU time)

╭---------------------------------------+-----------------+--------+--------+--------+---------╮
| src/raffle/Raffle.sol:Raffle Contract |                 |        |        |        |         |
+==============================================================================================+
| Deployment Cost                       | Deployment Size |        |        |        |         |
|---------------------------------------+-----------------+--------+--------+--------+---------|
|                               3520907 |           16830 |        |        |        |         |
|---------------------------------------+-----------------+--------+--------+--------+---------|
|                                       |                 |        |        |        |         |
|---------------------------------------+-----------------+--------+--------+--------+---------|
| Function Name                         | Min             | Avg    | Median | Max    | # Calls |
|---------------------------------------+-----------------+--------+--------+--------+---------|
| _entropyCallback                      |           22274 |  24925 |  26251 |  26251 |       3 |
|---------------------------------------+-----------------+--------+--------+--------+---------|
| buy                                   |           29149 |  89450 |  85447 | 329206 |    4086 |
|---------------------------------------+-----------------+--------+--------+--------+---------|
| buyerOf                               |            2784 |  17685 |  18176 |  20813 |   25794 |
|---------------------------------------+-----------------+--------+--------+--------+---------|
| claimPrize                            |           28787 |  47750 |  49756 |  66678 |       5 |
|---------------------------------------+-----------------+--------+--------+--------+---------|
| createRaffle                          |           24954 | 257948 | 265395 | 266470 |     288 |
|---------------------------------------+-----------------+--------+--------+--------+---------|
| erc20PrizeEscrow                      |            2599 |   2599 |   2599 |   2599 |       3 |
|---------------------------------------+-----------------+--------+--------+--------+---------|
| ethLiability                          |            2383 |   2383 |   2383 |   2383 |       2 |
|---------------------------------------+-----------------+--------+--------+--------+---------|
| ethOwed                               |            2622 |   2622 |   2622 |   2622 |       2 |
|---------------------------------------+-----------------+--------+--------+--------+---------|
| feeBps                                |            2381 |   2381 |   2381 |   2381 |       1 |
|---------------------------------------+-----------------+--------+--------+--------+---------|
| getRaffle                             |           21567 |  21567 |  21567 |  21567 |     290 |
|---------------------------------------+-----------------+--------+--------+--------+---------|
| maxBase                               |            2488 |   2488 |   2488 |   2488 |       1 |
|---------------------------------------+-----------------+--------+--------+--------+---------|
| minBase                               |            2481 |   2481 |   2481 |   2481 |       1 |
|---------------------------------------+-----------------+--------+--------+--------+---------|
| nftPrizesEnabled                      |            2378 |   2378 |   2378 |   2378 |       1 |
|---------------------------------------+-----------------+--------+--------+--------+---------|
| owner                                 |            2441 |   2441 |   2441 |   2441 |       1 |
|---------------------------------------+-----------------+--------+--------+--------+---------|
| pot                                   |             349 |    349 |    349 |    349 |       1 |
|---------------------------------------+-----------------+--------+--------+--------+---------|
| prizeOwedTo                           |            2564 |   2564 |   2564 |   2564 |       3 |
|---------------------------------------+-----------------+--------+--------+--------+---------|
| purchaseCount                         |            2526 |   2526 |   2526 |   2526 |       1 |
|---------------------------------------+-----------------+--------+--------+--------+---------|
| redrawTimeout                         |            2485 |   2485 |   2485 |   2485 |       2 |
|---------------------------------------+-----------------+--------+--------+--------+---------|
| requestDraw                           |           41835 | 128388 | 128388 | 214942 |       2 |
|---------------------------------------+-----------------+--------+--------+--------+---------|
| retryDraw                             |           33405 |  87103 |  50033 | 177871 |       3 |
|---------------------------------------+-----------------+--------+--------+--------+---------|
| setBaseLimits                         |           24074 |  30529 |  30604 |  30604 |     262 |
|---------------------------------------+-----------------+--------+--------+--------+---------|
| setCallbackGasLimit                   |           23831 |  26890 |  26890 |  29949 |       2 |
|---------------------------------------+-----------------+--------+--------+--------+---------|
| setFeeBps                             |           23790 |  27429 |  29836 |  29860 |       5 |
|---------------------------------------+-----------------+--------+--------+--------+---------|
| setNftCollectionAllowed               |           47945 |  47945 |  47945 |  47945 |       2 |
|---------------------------------------+-----------------+--------+--------+--------+---------|
| setNftPrizesEnabled                   |           23799 |  39231 |  46948 |  46948 |       3 |
|---------------------------------------+-----------------+--------+--------+--------+---------|
| setRedrawTimeout                      |           23887 |  26956 |  26956 |  30026 |       2 |
|---------------------------------------+-----------------+--------+--------+--------+---------|
| settle                                |           29217 | 149127 | 177373 | 195122 |      11 |
|---------------------------------------+-----------------+--------+--------+--------+---------|
| ticketsFor                            |            3071 |   3071 |   3071 |   3071 |       4 |
|---------------------------------------+-----------------+--------+--------+--------+---------|
| transferOwnership                     |           47847 |  47847 |  47847 |  47847 |       1 |
|---------------------------------------+-----------------+--------+--------+--------+---------|
| usdcLiability                         |            2405 |   2405 |   2405 |   2405 |       4 |
|---------------------------------------+-----------------+--------+--------+--------+---------|
| usdcOwed                              |            2579 |   2579 |   2579 |   2579 |       2 |
|---------------------------------------+-----------------+--------+--------+--------+---------|
| withdrawEth                           |           29148 |  33866 |  33866 |  38584 |       4 |
|---------------------------------------+-----------------+--------+--------+--------+---------|
| withdrawUsdc                          |           29125 |  39744 |  29125 |  60983 |       3 |
╰---------------------------------------+-----------------+--------+--------+--------+---------╯

╭------------------------------------------------------+-----------------+-------+--------+-------+---------╮
| test/mocks/HostileTokens.sol:BlacklistToken Contract |                 |       |        |       |         |
+===========================================================================================================+
| Deployment Cost                                      | Deployment Size |       |        |       |         |
|------------------------------------------------------+-----------------+-------+--------+-------+---------|
|                                               590410 |            3231 |       |        |       |         |
|------------------------------------------------------+-----------------+-------+--------+-------+---------|
|                                                      |                 |       |        |       |         |
|------------------------------------------------------+-----------------+-------+--------+-------+---------|
| Function Name                                        | Min             | Avg   | Median | Max   | # Calls |
|------------------------------------------------------+-----------------+-------+--------+-------+---------|
| approve                                              |           46331 | 46337 |  46337 | 46343 |       2 |
|------------------------------------------------------+-----------------+-------+--------+-------+---------|
| balanceOf                                            |             537 |  2287 |   2537 |  2537 |       8 |
|------------------------------------------------------+-----------------+-------+--------+-------+---------|
| decimals                                             |             271 |   271 |    271 |   271 |       1 |
|------------------------------------------------------+-----------------+-------+--------+-------+---------|
| mint                                                 |           72950 | 72956 |  72956 | 72962 |       2 |
|------------------------------------------------------+-----------------+-------+--------+-------+---------|
| setBlacklisted                                       |           22305 | 33261 |  33261 | 44217 |       4 |
╰------------------------------------------------------+-----------------+-------+--------+-------+---------╯

╭----------------------------------------------------------+-----------------+-------+--------+-------+---------╮
| test/mocks/HostileTokens.sol:FeeOnTransferToken Contract |                 |       |        |       |         |
+===============================================================================================================+
| Deployment Cost                                          | Deployment Size |       |        |       |         |
|----------------------------------------------------------+-----------------+-------+--------+-------+---------|
|                                                   582639 |            3253 |       |        |       |         |
|----------------------------------------------------------+-----------------+-------+--------+-------+---------|
|                                                          |                 |       |        |       |         |
|----------------------------------------------------------+-----------------+-------+--------+-------+---------|
| Function Name                                            | Min             | Avg   | Median | Max   | # Calls |
|----------------------------------------------------------+-----------------+-------+--------+-------+---------|
| approve                                                  |           46679 | 46679 |  46679 | 46679 |       1 |
|----------------------------------------------------------+-----------------+-------+--------+-------+---------|
| balanceOf                                                |             581 |  1581 |   1581 |  2581 |       2 |
|----------------------------------------------------------+-----------------+-------+--------+-------+---------|
| mint                                                     |           68510 | 68510 |  68510 | 68510 |       1 |
╰----------------------------------------------------------+-----------------+-------+--------+-------+---------╯

╭---------------------------------------------+-----------------+-------+--------+-------+---------╮
| test/mocks/MockERC20.sol:MockERC20 Contract |                 |       |        |       |         |
+==================================================================================================+
| Deployment Cost                             | Deployment Size |       |        |       |         |
|---------------------------------------------+-----------------+-------+--------+-------+---------|
|                                      526127 |            2928 |       |        |       |         |
|---------------------------------------------+-----------------+-------+--------+-------+---------|
|                                             |                 |       |        |       |         |
|---------------------------------------------+-----------------+-------+--------+-------+---------|
| Function Name                               | Min             | Avg   | Median | Max   | # Calls |
|---------------------------------------------+-----------------+-------+--------+-------+---------|
| approve                                     |           46679 | 46679 |  46679 | 46679 |     147 |
|---------------------------------------------+-----------------+-------+--------+-------+---------|
| balanceOf                                   |             559 |  1585 |   2559 |  2559 |     565 |
|---------------------------------------------+-----------------+-------+--------+-------+---------|
| decimals                                    |             271 |   271 |    271 |   271 |      41 |
|---------------------------------------------+-----------------+-------+--------+-------+---------|
| mint                                        |           51292 | 59842 |  59842 | 68392 |     144 |
╰---------------------------------------------+-----------------+-------+--------+-------+---------╯

╭-----------------------------------------------------+-----------------+-------+--------+-------+---------╮
| test/mocks/MockEntropyV2.sol:MockEntropyV2 Contract |                 |       |        |       |         |
+==========================================================================================================+
| Deployment Cost                                     | Deployment Size |       |        |       |         |
|-----------------------------------------------------+-----------------+-------+--------+-------+---------|
|                                              659468 |            2666 |       |        |       |         |
|-----------------------------------------------------+-----------------+-------+--------+-------+---------|
|                                                     |                 |       |        |       |         |
|-----------------------------------------------------+-----------------+-------+--------+-------+---------|
| Function Name                                       | Min             | Avg   | Median | Max   | # Calls |
|-----------------------------------------------------+-----------------+-------+--------+-------+---------|
| fulfill                                             |           34050 | 65356 |  68044 | 69792 |      12 |
|-----------------------------------------------------+-----------------+-------+--------+-------+---------|
| getDefaultProvider                                  |            2364 |  2364 |   2364 |  2364 |     296 |
|-----------------------------------------------------+-----------------+-------+--------+-------+---------|
| getFeeV2                                            |            2650 |  2650 |   2650 |  2650 |     296 |
|-----------------------------------------------------+-----------------+-------+--------+-------+---------|
| getRequestV2                                        |            8177 |  8177 |   8177 |  8177 |       2 |
|-----------------------------------------------------+-----------------+-------+--------+-------+---------|
| setFee                                              |           26651 | 26651 |  26651 | 26663 |      37 |
|-----------------------------------------------------+-----------------+-------+--------+-------+---------|
| setStatus                                           |           29045 | 29045 |  29045 | 29045 |       2 |
╰-----------------------------------------------------+-----------------+-------+--------+-------+---------╯

╭-------------------------------------------+-----------------+-------+--------+-------+---------╮
| test/mocks/MockNoun.sol:MockNoun Contract |                 |       |        |       |         |
+================================================================================================+
| Deployment Cost                           | Deployment Size |       |        |       |         |
|-------------------------------------------+-----------------+-------+--------+-------+---------|
|                                    950110 |            4815 |       |        |       |         |
|-------------------------------------------+-----------------+-------+--------+-------+---------|
|                                           |                 |       |        |       |         |
|-------------------------------------------+-----------------+-------+--------+-------+---------|
| Function Name                             | Min             | Avg   | Median | Max   | # Calls |
|-------------------------------------------+-----------------+-------+--------+-------+---------|
| approve                                   |           48619 | 48619 |  48619 | 48619 |       1 |
|-------------------------------------------+-----------------+-------+--------+-------+---------|
| mint                                      |           68760 | 68760 |  68760 | 68760 |       2 |
|-------------------------------------------+-----------------+-------+--------+-------+---------|
| ownerOf                                   |             572 |  1905 |   2572 |  2572 |       3 |
╰-------------------------------------------+-----------------+-------+--------+-------+---------╯

╭-------------------------------------------------------------+-----------------+-------+--------+-------+---------╮
| test/mocks/MockStockRegistry.sol:MockStockRegistry Contract |                 |       |        |       |         |
+==================================================================================================================+
| Deployment Cost                                             | Deployment Size |       |        |       |         |
|-------------------------------------------------------------+-----------------+-------+--------+-------+---------|
|                                                      594933 |            2579 |       |        |       |         |
|-------------------------------------------------------------+-----------------+-------+--------+-------+---------|
|                                                             |                 |       |        |       |         |
|-------------------------------------------------------------+-----------------+-------+--------+-------+---------|
| Function Name                                               | Min             | Avg   | Median | Max   | # Calls |
|-------------------------------------------------------------+-----------------+-------+--------+-------+---------|
| isEnabled                                                   |            2608 |  2608 |   2608 |  2608 |     280 |
|-------------------------------------------------------------+-----------------+-------+--------+-------+---------|
| setEnabled                                                  |           27137 | 27137 |  27137 | 27137 |       1 |
|-------------------------------------------------------------+-----------------+-------+--------+-------+---------|
| setStock                                                    |           70351 | 70351 |  70351 | 70351 |      39 |
╰-------------------------------------------------------------+-----------------+-------+--------+-------+---------╯

╭-------------------------------------------------+-----------------+-----+--------+-----+---------╮
| test/raffle/Raffle.t.sol:BrokenEntropy Contract |                 |     |        |     |         |
+==================================================================================================+
| Deployment Cost                                 | Deployment Size |     |        |     |         |
|-------------------------------------------------+-----------------+-----+--------+-----+---------|
|                                          137859 |             420 |     |        |     |         |
|-------------------------------------------------+-----------------+-----+--------+-----+---------|
|                                                 |                 |     |        |     |         |
|-------------------------------------------------+-----------------+-----+--------+-----+---------|
| Function Name                                   | Min             | Avg | Median | Max | # Calls |
|-------------------------------------------------+-----------------+-----+--------+-----+---------|
| getDefaultProvider                              |             197 | 197 |    197 | 197 |       2 |
|-------------------------------------------------+-----------------+-----+--------+-----+---------|
| getFeeV2                                        |             392 | 392 |    392 | 392 |       2 |
╰-------------------------------------------------+-----------------+-----+--------+-----+---------╯

╭--------------------------------------------------+-----------------+-------+--------+-------+---------╮
| test/raffle/Raffle.t.sol:ReentrantToken Contract |                 |       |        |       |         |
+=======================================================================================================+
| Deployment Cost                                  | Deployment Size |       |        |       |         |
|--------------------------------------------------+-----------------+-------+--------+-------+---------|
|                                           610345 |            2824 |       |        |       |         |
|--------------------------------------------------+-----------------+-------+--------+-------+---------|
|                                                  |                 |       |        |       |         |
|--------------------------------------------------+-----------------+-------+--------+-------+---------|
| Function Name                                    | Min             | Avg   | Median | Max   | # Calls |
|--------------------------------------------------+-----------------+-------+--------+-------+---------|
| approve                                          |           46360 | 46360 |  46360 | 46360 |       1 |
|--------------------------------------------------+-----------------+-------+--------+-------+---------|
| arm                                              |           88319 | 88319 |  88319 | 88319 |       1 |
|--------------------------------------------------+-----------------+-------+--------+-------+---------|
| balanceOf                                        |             598 |  1931 |   2598 |  2598 |       3 |
|--------------------------------------------------+-----------------+-------+--------+-------+---------|
| mint                                             |           70616 | 70616 |  70616 | 70616 |       1 |
|--------------------------------------------------+-----------------+-------+--------+-------+---------|
| reentryBlocked                                   |            2343 |  2343 |   2343 |  2343 |       1 |
╰--------------------------------------------------+-----------------+-------+--------+-------+---------╯


Ran 1 test suite in 1.95s (1.30s CPU time): 36 tests passed, 0 failed, 0 skipped (36 total tests)
