Compiling 3 files with Solc 0.8.24
Solc 0.8.24 finished in 12.38s
Compiler run successful!

Ran 57 tests for test/raffle/Raffle.t.sol:RaffleTest
[PASS] testFuzz_buyerOfMatchesNaiveScan(uint256,uint8) (runs: 512, μ: 1195813, ~: 930971)
[PASS] testFuzz_quoteScalesByTickPower(int16) (runs: 512, μ: 118698, ~: 110270)
[PASS] test_acquire_brokenEntropy_neverBlocksTheBuy() (gas: 5874590)
[PASS] test_acquire_buysExactlyTheBudget_holdsTheStock_thenDraws() (gas: 960721)
[PASS] test_acquire_conditionsChangedSinceCreation() (gas: 1636467)
[PASS] test_acquire_entropyOutage_prizeHeld_thenAnyoneRequests() (gas: 970091)
[PASS] test_acquire_minOutIsTheTwapPriceLessSlippage() (gas: 951077)
[PASS] test_acquire_onlyOwnerOrKeeper() (gas: 948576)
[PASS] test_acquire_spotPushedFromTwap_isRefused() (gas: 1009343)
[PASS] test_acquire_stockAsToken0() (gas: 2675713)
[PASS] test_acquire_swapRefusals_moveNothing() (gas: 1480391)
[PASS] test_acquire_twapAwayFromSpotMovesTheFloorByTicks() (gas: 1496652)
[PASS] test_acquire_twapRoundsTowardNegativeInfinity() (gas: 947188)
[PASS] test_acquire_wrongState() (gas: 960824)
[PASS] test_buy_guards() (gas: 339114)
[PASS] test_buy_lastTicketOnlyMarksSoldOut_neverSwapsOrDraws() (gas: 511265)
[PASS] test_buy_rangesAndLiability() (gas: 527149)
[PASS] test_callback_onlyEntropy() (gas: 10863)
[PASS] test_callback_orphanDoesNotRevert() (gas: 14927)
[PASS] test_callback_recordsUniformIndex() (gas: 955623)
[PASS] test_constructor_rejectsNonSixDecimalUsdc() (gas: 633891)
[PASS] test_constructor_routerMustSwapInTheRegistryFactory() (gas: 606635)
[PASS] test_constructor_timeoutBounds() (gas: 5726205)
[PASS] test_constructor_usdcMustBeTheRegistryQuote() (gas: 638816)
[PASS] test_constructor_zeroAddresses() (gas: 784027)
[PASS] test_create_baseBounds() (gas: 72056)
[PASS] test_create_escrowsNothingButTheReserve_andSnapshots() (gas: 345602)
[PASS] test_create_feeOnTopRoundsUp() (gas: 801924)
[PASS] test_create_onlyOwner() (gas: 23562)
[PASS] test_create_refusesAPoolWhoseTokensAreNotUsdcAndTheStock() (gas: 1083081)
[PASS] test_create_refusesAStockThatCannotBeBoughtNow() (gas: 1188004)
[PASS] test_create_reserveTooLow() (gas: 88403)
[PASS] test_create_tooLargeForPool() (gas: 371589)
[PASS] test_draw_everyRequestGetsADistinctSeed() (gas: 1653087)
[PASS] test_draw_passesContractMixedSeedToEntropy() (gas: 1001582)
[PASS] test_fallback_entropyOutage_prizeReady_thenRequest() (gas: 769715)
[PASS] test_fallback_onlyAfterTheTimeout_byAnyone_thenDraws() (gas: 769551)
[PASS] test_fallback_racesWithAcquire() (gas: 1997259)
[PASS] test_fallback_refusedWinner_isCreditedUsdc() (gas: 775866)
[PASS] test_fallback_settlesInUsdc() (gas: 809748)
[PASS] test_fallback_usesTheRaffleSnapshot_notTheLiveSetting() (gas: 1245578)
[PASS] test_gas_largeRaffle() (gas: 67264426)
Logs:
  buy (1 ticket, 2k purchases deep): 35922
  acquirePrize incl. swap (mock router) + Entropy request: 420873
  settle over 2,003 purchases / 11,000 tickets: 118408

[PASS] test_launchDefaults() (gas: 30127)
[PASS] test_ownerHasNoPathToEscrow() (gas: 998865)
[PASS] test_ownerSetters_boundsAndAccess() (gas: 123351)
[PASS] test_quotePrize_matchesTheTwapPrice() (gas: 66333)
[PASS] test_reentrancy_prizeTokenCannotReenter() (gas: 2287594)
[PASS] test_retryDraw_onlyAfterTimeout_onlyIfNeverRevealed_ownerOrKeeper() (gas: 1172861)
[PASS] test_retryDraw_timeoutSnapshotted() (gas: 1088717)
[PASS] test_settle_beforeDraw_reverts() (gas: 453854)
[PASS] test_settle_firstAndLastTicket() (gas: 1694446)
[PASS] test_settle_paysTheStockToTheWinner_feeToPot_reserveToCreator() (gas: 1039653)
[PASS] test_settle_refusedPot_isCredited() (gas: 981647)
[PASS] test_settle_refusedWinner_stockIsCredited_othersStillPaid() (gas: 982526)
[PASS] test_snapshots_ownerChangesNeverTouchALiveRaffle() (gas: 1250275)
[PASS] test_tryTransfer_strictReturnData() (gas: 3379557)
[PASS] test_withdraw_creditsPayOnlyOnce() (gas: 931872)
Suite result: ok. 57 passed; 0 failed; 0 skipped; finished in 615.22ms (1.41s CPU time)

Ran 1 test suite in 632.42ms (615.22ms CPU time): 57 tests passed, 0 failed, 0 skipped (57 total tests)
