Compiling 1 files with Solc 0.8.24
Solc 0.8.24 finished in 6.88s
Compiler run successful!

Ran 6 tests for test/raffle/Raffle.invariant.t.sol:RaffleInvariantTest
[PASS] invariant_drawIsHonest() (runs: 256, calls: 20480, reverts: 0)

╭---------------+--------------------+-------+---------+----------╮
| Contract      | Selector           | Calls | Reverts | Discards |
+=================================================================+
| RaffleHandler | acquire            | 1861  | 0       | 0        |
|---------------+--------------------+-------+---------+----------|
| RaffleHandler | buy                | 1831  | 0       | 0        |
|---------------+--------------------+-------+---------+----------|
| RaffleHandler | claimPrize         | 1876  | 0       | 0        |
|---------------+--------------------+-------+---------+----------|
| RaffleHandler | create             | 1842  | 0       | 0        |
|---------------+--------------------+-------+---------+----------|
| RaffleHandler | fallbackToUsdc     | 1894  | 0       | 0        |
|---------------+--------------------+-------+---------+----------|
| RaffleHandler | feeSpikeAndRequest | 1834  | 0       | 0        |
|---------------+--------------------+-------+---------+----------|
| RaffleHandler | reveal             | 1846  | 0       | 0        |
|---------------+--------------------+-------+---------+----------|
| RaffleHandler | settle             | 1846  | 0       | 0        |
|---------------+--------------------+-------+---------+----------|
| RaffleHandler | stallAndRetry      | 1861  | 0       | 0        |
|---------------+--------------------+-------+---------+----------|
| RaffleHandler | toggleBlacklist    | 1898  | 0       | 0        |
|---------------+--------------------+-------+---------+----------|
| RaffleHandler | withdraw           | 1891  | 0       | 0        |
╰---------------+--------------------+-------+---------+----------╯

[PASS] invariant_ethAlwaysBalances() (runs: 256, calls: 20480, reverts: 0)

╭---------------+--------------------+-------+---------+----------╮
| Contract      | Selector           | Calls | Reverts | Discards |
+=================================================================+
| RaffleHandler | acquire            | 1861  | 0       | 0        |
|---------------+--------------------+-------+---------+----------|
| RaffleHandler | buy                | 1831  | 0       | 0        |
|---------------+--------------------+-------+---------+----------|
| RaffleHandler | claimPrize         | 1876  | 0       | 0        |
|---------------+--------------------+-------+---------+----------|
| RaffleHandler | create             | 1842  | 0       | 0        |
|---------------+--------------------+-------+---------+----------|
| RaffleHandler | fallbackToUsdc     | 1894  | 0       | 0        |
|---------------+--------------------+-------+---------+----------|
| RaffleHandler | feeSpikeAndRequest | 1834  | 0       | 0        |
|---------------+--------------------+-------+---------+----------|
| RaffleHandler | reveal             | 1846  | 0       | 0        |
|---------------+--------------------+-------+---------+----------|
| RaffleHandler | settle             | 1846  | 0       | 0        |
|---------------+--------------------+-------+---------+----------|
| RaffleHandler | stallAndRetry      | 1861  | 0       | 0        |
|---------------+--------------------+-------+---------+----------|
| RaffleHandler | toggleBlacklist    | 1898  | 0       | 0        |
|---------------+--------------------+-------+---------+----------|
| RaffleHandler | withdraw           | 1891  | 0       | 0        |
╰---------------+--------------------+-------+---------+----------╯

[PASS] invariant_noDrawWithoutAHeldPrize() (runs: 256, calls: 20480, reverts: 0)

╭---------------+--------------------+-------+---------+----------╮
| Contract      | Selector           | Calls | Reverts | Discards |
+=================================================================+
| RaffleHandler | acquire            | 1861  | 0       | 0        |
|---------------+--------------------+-------+---------+----------|
| RaffleHandler | buy                | 1831  | 0       | 0        |
|---------------+--------------------+-------+---------+----------|
| RaffleHandler | claimPrize         | 1876  | 0       | 0        |
|---------------+--------------------+-------+---------+----------|
| RaffleHandler | create             | 1842  | 0       | 0        |
|---------------+--------------------+-------+---------+----------|
| RaffleHandler | fallbackToUsdc     | 1894  | 0       | 0        |
|---------------+--------------------+-------+---------+----------|
| RaffleHandler | feeSpikeAndRequest | 1834  | 0       | 0        |
|---------------+--------------------+-------+---------+----------|
| RaffleHandler | reveal             | 1846  | 0       | 0        |
|---------------+--------------------+-------+---------+----------|
| RaffleHandler | settle             | 1846  | 0       | 0        |
|---------------+--------------------+-------+---------+----------|
| RaffleHandler | stallAndRetry      | 1861  | 0       | 0        |
|---------------+--------------------+-------+---------+----------|
| RaffleHandler | toggleBlacklist    | 1898  | 0       | 0        |
|---------------+--------------------+-------+---------+----------|
| RaffleHandler | withdraw           | 1891  | 0       | 0        |
╰---------------+--------------------+-------+---------+----------╯

[PASS] invariant_prizesAlwaysBalance() (runs: 256, calls: 20480, reverts: 0)

╭---------------+--------------------+-------+---------+----------╮
| Contract      | Selector           | Calls | Reverts | Discards |
+=================================================================+
| RaffleHandler | acquire            | 1861  | 0       | 0        |
|---------------+--------------------+-------+---------+----------|
| RaffleHandler | buy                | 1831  | 0       | 0        |
|---------------+--------------------+-------+---------+----------|
| RaffleHandler | claimPrize         | 1876  | 0       | 0        |
|---------------+--------------------+-------+---------+----------|
| RaffleHandler | create             | 1842  | 0       | 0        |
|---------------+--------------------+-------+---------+----------|
| RaffleHandler | fallbackToUsdc     | 1894  | 0       | 0        |
|---------------+--------------------+-------+---------+----------|
| RaffleHandler | feeSpikeAndRequest | 1834  | 0       | 0        |
|---------------+--------------------+-------+---------+----------|
| RaffleHandler | reveal             | 1846  | 0       | 0        |
|---------------+--------------------+-------+---------+----------|
| RaffleHandler | settle             | 1846  | 0       | 0        |
|---------------+--------------------+-------+---------+----------|
| RaffleHandler | stallAndRetry      | 1861  | 0       | 0        |
|---------------+--------------------+-------+---------+----------|
| RaffleHandler | toggleBlacklist    | 1898  | 0       | 0        |
|---------------+--------------------+-------+---------+----------|
| RaffleHandler | withdraw           | 1891  | 0       | 0        |
╰---------------+--------------------+-------+---------+----------╯

[PASS] invariant_usdcAlwaysBalances() (runs: 256, calls: 20480, reverts: 0)

╭---------------+--------------------+-------+---------+----------╮
| Contract      | Selector           | Calls | Reverts | Discards |
+=================================================================+
| RaffleHandler | acquire            | 1861  | 0       | 0        |
|---------------+--------------------+-------+---------+----------|
| RaffleHandler | buy                | 1831  | 0       | 0        |
|---------------+--------------------+-------+---------+----------|
| RaffleHandler | claimPrize         | 1876  | 0       | 0        |
|---------------+--------------------+-------+---------+----------|
| RaffleHandler | create             | 1842  | 0       | 0        |
|---------------+--------------------+-------+---------+----------|
| RaffleHandler | fallbackToUsdc     | 1894  | 0       | 0        |
|---------------+--------------------+-------+---------+----------|
| RaffleHandler | feeSpikeAndRequest | 1834  | 0       | 0        |
|---------------+--------------------+-------+---------+----------|
| RaffleHandler | reveal             | 1846  | 0       | 0        |
|---------------+--------------------+-------+---------+----------|
| RaffleHandler | settle             | 1846  | 0       | 0        |
|---------------+--------------------+-------+---------+----------|
| RaffleHandler | stallAndRetry      | 1861  | 0       | 0        |
|---------------+--------------------+-------+---------+----------|
| RaffleHandler | toggleBlacklist    | 1898  | 0       | 0        |
|---------------+--------------------+-------+---------+----------|
| RaffleHandler | withdraw           | 1891  | 0       | 0        |
╰---------------+--------------------+-------+---------+----------╯

[PASS] invariant_usdcConserved() (runs: 256, calls: 20480, reverts: 0)

╭---------------+--------------------+-------+---------+----------╮
| Contract      | Selector           | Calls | Reverts | Discards |
+=================================================================+
| RaffleHandler | acquire            | 1861  | 0       | 0        |
|---------------+--------------------+-------+---------+----------|
| RaffleHandler | buy                | 1831  | 0       | 0        |
|---------------+--------------------+-------+---------+----------|
| RaffleHandler | claimPrize         | 1876  | 0       | 0        |
|---------------+--------------------+-------+---------+----------|
| RaffleHandler | create             | 1842  | 0       | 0        |
|---------------+--------------------+-------+---------+----------|
| RaffleHandler | fallbackToUsdc     | 1894  | 0       | 0        |
|---------------+--------------------+-------+---------+----------|
| RaffleHandler | feeSpikeAndRequest | 1834  | 0       | 0        |
|---------------+--------------------+-------+---------+----------|
| RaffleHandler | reveal             | 1846  | 0       | 0        |
|---------------+--------------------+-------+---------+----------|
| RaffleHandler | settle             | 1846  | 0       | 0        |
|---------------+--------------------+-------+---------+----------|
| RaffleHandler | stallAndRetry      | 1861  | 0       | 0        |
|---------------+--------------------+-------+---------+----------|
| RaffleHandler | toggleBlacklist    | 1898  | 0       | 0        |
|---------------+--------------------+-------+---------+----------|
| RaffleHandler | withdraw           | 1891  | 0       | 0        |
╰---------------+--------------------+-------+---------+----------╯

Suite result: ok. 6 passed; 0 failed; 0 skipped; finished in 21.89s (111.70s CPU time)

Ran 1 test suite in 21.89s (21.89s CPU time): 6 tests passed, 0 failed, 0 skipped (6 total tests)
