No files changed, compilation skipped

Ran 56 tests for test/raffle/Raffle.t.sol:RaffleTest
[PASS] testFuzz_buyerOfMatchesNaiveScan(uint256,uint8) (runs: 512, μ: 2973226, ~: 2423377)
[PASS] testFuzz_quoteScalesByTickPower(int16) (runs: 512, μ: 173517, ~: 166022)
[PASS] test_acquire_brokenEntropy_neverBlocksTheBuy() (gas: 6629568)
[PASS] test_acquire_buysExactlyTheBudget_holdsTheStock_thenDraws() (gas: 1223481)
[PASS] test_acquire_conditionsChangedSinceCreation() (gas: 2560529)
[PASS] test_acquire_entropyOutage_prizeHeld_thenAnyoneRequests() (gas: 1410611)
[PASS] test_acquire_minOutIsTheTwapPriceLessSlippage() (gas: 1180337)
[PASS] test_acquire_onlyOwnerOrKeeper() (gas: 1189016)
[PASS] test_acquire_spotPushedFromTwap_isRefused() (gas: 1429827)
[PASS] test_acquire_stockAsToken0() (gas: 3628407)
[PASS] test_acquire_swapRefusals_moveNothing() (gas: 2306527)
[PASS] test_acquire_twapAwayFromSpotMovesTheFloorByTicks() (gas: 2057372)
[PASS] test_acquire_twapRoundsTowardNegativeInfinity() (gas: 1163012)
[PASS] test_acquire_wrongState() (gas: 1239480)
[PASS] test_buy_guards() (gas: 433906)
[PASS] test_buy_lastTicketOnlyMarksSoldOut_neverSwapsOrDraws() (gas: 663769)
[PASS] test_buy_rangesAndLiability() (gas: 764553)
[PASS] test_callback_onlyEntropy() (gas: 32551)
[PASS] test_callback_orphanDoesNotRevert() (gas: 36627)
[PASS] test_callback_recordsUniformIndex() (gas: 1306627)
[PASS] test_constructor_rejectsNonSixDecimalUsdc() (gas: 1189981)
[PASS] test_constructor_routerMustSwapInTheRegistryFactory() (gas: 1152869)
[PASS] test_constructor_timeoutBounds() (gas: 8014311)
[PASS] test_constructor_usdcMustBeTheRegistryQuote() (gas: 1194954)
[PASS] test_constructor_zeroAddresses() (gas: 3070921)
[PASS] test_create_baseBounds() (gas: 136772)
[PASS] test_create_escrowsNothingButTheReserve_andSnapshots() (gas: 394874)
[PASS] test_create_feeOnTopRoundsUp() (gas: 1046452)
[PASS] test_create_onlyOwner() (gas: 45134)
[PASS] test_create_refusesAPoolWhoseTokensAreNotUsdcAndTheStock() (gas: 1353871)
[PASS] test_create_refusesAStockThatCannotBeBoughtNow() (gas: 1979922)
[PASS] test_create_reserveTooLow() (gas: 109975)
[PASS] test_create_tooLargeForPool() (gas: 502349)
[PASS] test_draw_everyRequestGetsADistinctSeed() (gas: 2480387)
[PASS] test_draw_passesContractMixedSeedToEntropy() (gas: 1278562)
[PASS] test_fallback_entropyOutage_prizeReady_thenRequest() (gas: 1101823)
[PASS] test_fallback_onlyAfterTheTimeout_byAnyone_thenDraws() (gas: 996375)
[PASS] test_fallback_racesWithAcquire() (gas: 2947199)
[PASS] test_fallback_refusedWinner_isCreditedUsdc() (gas: 1271560)
[PASS] test_fallback_settlesInUsdc() (gas: 1228672)
[PASS] test_fallback_usesTheRaffleSnapshot_notTheLiveSetting() (gas: 1766790)
[PASS] test_launchDefaults() (gas: 72127)
[PASS] test_ownerHasNoPathToEscrow() (gas: 1459173)
[PASS] test_ownerSetters_boundsAndAccess() (gas: 653439)
[PASS] test_quotePrize_matchesTheTwapPrice() (gas: 73333)
[PASS] test_reentrancy_prizeTokenCannotReenter() (gas: 3170110)
[PASS] test_retryDraw_onlyAfterTimeout_onlyIfNeverRevealed_ownerOrKeeper() (gas: 2103673)
[PASS] test_retryDraw_timeoutSnapshotted() (gas: 1528917)
[PASS] test_settle_beforeDraw_reverts() (gas: 555462)
[PASS] test_settle_firstAndLastTicket() (gas: 2948138)
[PASS] test_settle_paysTheStockToTheWinner_feeToPot_reserveToCreator() (gas: 1729703)
[PASS] test_settle_refusedPot_isCredited() (gas: 1593517)
[PASS] test_settle_refusedWinner_stockIsCredited_othersStillPaid() (gas: 1716703)
[PASS] test_snapshots_ownerChangesNeverTouchALiveRaffle() (gas: 1820079)
[PASS] test_tryTransfer_strictReturnData() (gas: 5968597)
[PASS] test_withdraw_creditsPayOnlyOnce() (gas: 1466554)
Suite result: ok. 56 passed; 0 failed; 0 skipped; finished in 787.00ms (1.43s CPU time)

╭---------------------------------------+-----------------+--------+--------+--------+---------╮
| src/raffle/Raffle.sol:Raffle Contract |                 |        |        |        |         |
+==============================================================================================+
| Deployment Cost                       | Deployment Size |        |        |        |         |
|---------------------------------------+-----------------+--------+--------+--------+---------|
|                               5448012 |           26200 |        |        |        |         |
|---------------------------------------+-----------------+--------+--------+--------+---------|
|                                       |                 |        |        |        |         |
|---------------------------------------+-----------------+--------+--------+--------+---------|
| Function Name                         | Min             | Avg    | Median | Max    | # Calls |
|---------------------------------------+-----------------+--------+--------+--------+---------|
| _entropyCallback                      |           22250 |  24244 |  24244 |  26239 |       2 |
|---------------------------------------+-----------------+--------+--------+--------+---------|
| acquirePrize                          |           25895 | 393818 | 565789 | 572547 |      49 |
|---------------------------------------+-----------------+--------+--------+--------+---------|
| acquireTimeout                        |            2427 |   2427 |   2427 |   2427 |       1 |
|---------------------------------------+-----------------+--------+--------+--------+---------|
| buy                                   |           29127 |  94379 |  89884 | 145644 |    3387 |
|---------------------------------------+-----------------+--------+--------+--------+---------|
| buyerOf                               |            7381 |  16563 |  18008 |  20707 |   14429 |
|---------------------------------------+-----------------+--------+--------+--------+---------|
| claimPrize                            |           28787 |  47661 |  49292 |  64745 |       7 |
|---------------------------------------+-----------------+--------+--------+--------+---------|
| createRaffle                          |           24302 | 305379 | 319898 | 319910 |     325 |
|---------------------------------------+-----------------+--------+--------+--------+---------|
| erc20PrizeEscrow                      |            2577 |   2577 |   2577 |   2577 |       7 |
|---------------------------------------+-----------------+--------+--------+--------+---------|
| ethLiability                          |            2405 |   2405 |   2405 |   2405 |       2 |
|---------------------------------------+-----------------+--------+--------+--------+---------|
| ethOwed                               |            2622 |   2622 |   2622 |   2622 |       1 |
|---------------------------------------+-----------------+--------+--------+--------+---------|
| factory                               |             370 |    370 |    370 |    370 |       1 |
|---------------------------------------+-----------------+--------+--------+--------+---------|
| fallbackToUsdc                        |           29164 | 231758 | 278844 | 347244 |       9 |
|---------------------------------------+-----------------+--------+--------+--------+---------|
| feeBps                                |            2447 |   2447 |   2447 |   2447 |       1 |
|---------------------------------------+-----------------+--------+--------+--------+---------|
| getRaffle                             |           31573 |  31573 |  31573 |  31573 |     125 |
|---------------------------------------+-----------------+--------+--------+--------+---------|
| maxBase                               |            2444 |   2444 |   2444 |   2444 |       1 |
|---------------------------------------+-----------------+--------+--------+--------+---------|
| minBase                               |            2487 |   2487 |   2487 |   2487 |       1 |
|---------------------------------------+-----------------+--------+--------+--------+---------|
| owner                                 |            2464 |   2464 |   2464 |   2464 |       1 |
|---------------------------------------+-----------------+--------+--------+--------+---------|
| pot                                   |             349 |    349 |    349 |    349 |       1 |
|---------------------------------------+-----------------+--------+--------+--------+---------|
| priceGuard                            |            2590 |   2590 |   2590 |   2590 |       1 |
|---------------------------------------+-----------------+--------+--------+--------+---------|
| prizeOwedTo                           |            2587 |   2587 |   2587 |   2587 |       5 |
|---------------------------------------+-----------------+--------+--------+--------+---------|
| purchaseCount                         |            2504 |   2504 |   2504 |   2504 |       1 |
|---------------------------------------+-----------------+--------+--------+--------+---------|
| quotePrize                            |           12818 |  45792 |  44733 |  48595 |     516 |
|---------------------------------------+-----------------+--------+--------+--------+---------|
| redrawTimeout                         |            2507 |   2507 |   2507 |   2507 |       1 |
|---------------------------------------+-----------------+--------+--------+--------+---------|
| requestDraw                           |           41796 | 219638 | 308559 | 308559 |       3 |
|---------------------------------------+-----------------+--------+--------+--------+---------|
| retryDraw                             |           25872 | 129910 | 133555 | 224503 |       8 |
|---------------------------------------+-----------------+--------+--------+--------+---------|
| router                                |             325 |    325 |    325 |    325 |       1 |
|---------------------------------------+-----------------+--------+--------+--------+---------|
| setAcquireTimeout                     |           23803 |  28118 |  29943 |  29955 |      10 |
|---------------------------------------+-----------------+--------+--------+--------+---------|
| setBaseLimits                         |           24075 |  30536 |  30611 |  30611 |     262 |
|---------------------------------------+-----------------+--------+--------+--------+---------|
| setCallbackGasLimit                   |           23875 |  26918 |  26918 |  29961 |       2 |
|---------------------------------------+-----------------+--------+--------+--------+---------|
| setFeeBps                             |           23845 |  26897 |  26903 |  29938 |       4 |
|---------------------------------------+-----------------+--------+--------+--------+---------|
| setKeeper                             |           24039 |  30101 |  30208 |  30208 |      58 |
|---------------------------------------+-----------------+--------+--------+--------+---------|
| setPriceGuard                         |           24144 |  27574 |  25248 |  33630 |      13 |
|---------------------------------------+-----------------+--------+--------+--------+---------|
| setRedrawTimeout                      |           23884 |  28204 |  29982 |  29994 |       5 |
|---------------------------------------+-----------------+--------+--------+--------+---------|
| settle                                |           29088 | 141792 | 160008 | 166264 |      13 |
|---------------------------------------+-----------------+--------+--------+--------+---------|
| usdcLiability                         |            2427 |   2427 |   2427 |   2427 |       8 |
|---------------------------------------+-----------------+--------+--------+--------+---------|
| usdcOwed                              |            2666 |   2666 |   2666 |   2666 |       2 |
|---------------------------------------+-----------------+--------+--------+--------+---------|
| withdrawEth                           |           29148 |  35438 |  38584 |  38584 |       3 |
|---------------------------------------+-----------------+--------+--------+--------+---------|
| withdrawUsdc                          |           29113 |  41628 |  38214 |  60973 |       4 |
╰---------------------------------------+-----------------+--------+--------+--------+---------╯

╭------------------------------------------------------+-----------------+-------+--------+-------+---------╮
| test/mocks/HostileTokens.sol:BlacklistToken Contract |                 |       |        |       |         |
+===========================================================================================================+
| Deployment Cost                                      | Deployment Size |       |        |       |         |
|------------------------------------------------------+-----------------+-------+--------+-------+---------|
|                                               590470 |            3231 |       |        |       |         |
|------------------------------------------------------+-----------------+-------+--------+-------+---------|
|                                                      |                 |       |        |       |         |
|------------------------------------------------------+-----------------+-------+--------+-------+---------|
| Function Name                                        | Min             | Avg   | Median | Max   | # Calls |
|------------------------------------------------------+-----------------+-------+--------+-------+---------|
| allowance                                            |            2833 |  2833 |   2833 |  2833 |       2 |
|------------------------------------------------------+-----------------+-------+--------+-------+---------|
| approve                                              |           46667 | 46667 |  46667 | 46679 |     169 |
|------------------------------------------------------+-----------------+-------+--------+-------+---------|
| balanceOf                                            |             537 |  2278 |   2537 |  2537 |     510 |
|------------------------------------------------------+-----------------+-------+--------+-------+---------|
| decimals                                             |             271 |   271 |    271 |   271 |      63 |
|------------------------------------------------------+-----------------+-------+--------+-------+---------|
| mint                                                 |           38750 | 62550 |  55862 | 72974 |     284 |
|------------------------------------------------------+-----------------+-------+--------+-------+---------|
| setBlacklisted                                       |           22293 | 33257 |  33255 | 44217 |       6 |
|------------------------------------------------------+-----------------+-------+--------+-------+---------|
| transfer                                             |           38951 | 38951 |  38951 | 38951 |       1 |
╰------------------------------------------------------+-----------------+-------+--------+-------+---------╯

╭---------------------------------------------+-----------------+-------+--------+-------+---------╮
| test/mocks/MockERC20.sol:MockERC20 Contract |                 |       |        |       |         |
+==================================================================================================+
| Deployment Cost                             | Deployment Size |       |        |       |         |
|---------------------------------------------+-----------------+-------+--------+-------+---------|
|                                      526091 |            2928 |       |        |       |         |
|---------------------------------------------+-----------------+-------+--------+-------+---------|
|                                             |                 |       |        |       |         |
|---------------------------------------------+-----------------+-------+--------+-------+---------|
| Function Name                               | Min             | Avg   | Median | Max   | # Calls |
|---------------------------------------------+-----------------+-------+--------+-------+---------|
| balanceOf                                   |             559 |  1559 |   1559 |  2559 |       4 |
|---------------------------------------------+-----------------+-------+--------+-------+---------|
| decimals                                    |             271 |   271 |    271 |   271 |       2 |
|---------------------------------------------+-----------------+-------+--------+-------+---------|
| mint                                        |           68404 | 68404 |  68404 | 68404 |       1 |
╰---------------------------------------------+-----------------+-------+--------+-------+---------╯

╭-----------------------------------------------------+-----------------+-------+--------+-------+---------╮
| test/mocks/MockEntropyV2.sol:MockEntropyV2 Contract |                 |       |        |       |         |
+==========================================================================================================+
| Deployment Cost                                     | Deployment Size |       |        |       |         |
|-----------------------------------------------------+-----------------+-------+--------+-------+---------|
|                                              773492 |            3103 |       |        |       |         |
|-----------------------------------------------------+-----------------+-------+--------+-------+---------|
|                                                     |                 |       |        |       |         |
|-----------------------------------------------------+-----------------+-------+--------+-------+---------|
| Function Name                                       | Min             | Avg   | Median | Max   | # Calls |
|-----------------------------------------------------+-----------------+-------+--------+-------+---------|
| fulfill                                             |           34050 | 63636 |  66664 | 69464 |      16 |
|-----------------------------------------------------+-----------------+-------+--------+-------+---------|
| getDefaultProvider                                  |            2342 |  2342 |   2342 |  2342 |     356 |
|-----------------------------------------------------+-----------------+-------+--------+-------+---------|
| getFeeV2                                            |            2650 |  2650 |   2650 |  2650 |     356 |
|-----------------------------------------------------+-----------------+-------+--------+-------+---------|
| getRequestV2                                        |            8177 |  8177 |   8177 |  8177 |       5 |
|-----------------------------------------------------+-----------------+-------+--------+-------+---------|
| seededRequests                                      |            2406 |  2406 |   2406 |  2406 |       3 |
|-----------------------------------------------------+-----------------+-------+--------+-------+---------|
| setFee                                              |           26651 | 26651 |  26651 | 26663 |      58 |
|-----------------------------------------------------+-----------------+-------+--------+-------+---------|
| setStatus                                           |           29045 | 29045 |  29045 | 29045 |       2 |
|-----------------------------------------------------+-----------------+-------+--------+-------+---------|
| totalRequests                                       |            2361 |  2361 |   2361 |  2361 |       3 |
|-----------------------------------------------------+-----------------+-------+--------+-------+---------|
| userRandomOf                                        |            2779 |  2779 |   2779 |  2779 |       4 |
╰-----------------------------------------------------+-----------------+-------+--------+-------+---------╯

╭--------------------------------------------------------------+-----------------+-------+--------+-------+---------╮
| test/mocks/MockSlipstream.sol:MockSlipstreamFactory Contract |                 |       |        |       |         |
+===================================================================================================================+
| Deployment Cost                                              | Deployment Size |       |        |       |         |
|--------------------------------------------------------------+-----------------+-------+--------+-------+---------|
|                                                       166475 |             552 |       |        |       |         |
|--------------------------------------------------------------+-----------------+-------+--------+-------+---------|
|                                                              |                 |       |        |       |         |
|--------------------------------------------------------------+-----------------+-------+--------+-------+---------|
| Function Name                                                | Min             | Avg   | Median | Max   | # Calls |
|--------------------------------------------------------------+-----------------+-------+--------+-------+---------|
| getPool                                                      |             875 |  2793 |   2875 |  2875 |     912 |
|--------------------------------------------------------------+-----------------+-------+--------+-------+---------|
| setPool                                                      |           33414 | 65958 |  67614 | 67614 |      62 |
╰--------------------------------------------------------------+-----------------+-------+--------+-------+---------╯

╭-----------------------------------------------------------+-----------------+-------+--------+-------+---------╮
| test/mocks/MockSlipstream.sol:MockSlipstreamPool Contract |                 |       |        |       |         |
+================================================================================================================+
| Deployment Cost                                           | Deployment Size |       |        |       |         |
|-----------------------------------------------------------+-----------------+-------+--------+-------+---------|
|                                                    607498 |            2591 |       |        |       |         |
|-----------------------------------------------------------+-----------------+-------+--------+-------+---------|
|                                                           |                 |       |        |       |         |
|-----------------------------------------------------------+-----------------+-------+--------+-------+---------|
| Function Name                                             | Min             | Avg   | Median | Max   | # Calls |
|-----------------------------------------------------------+-----------------+-------+--------+-------+---------|
| observe                                                   |            2705 |  8248 |   8267 |  8267 |     869 |
|-----------------------------------------------------------+-----------------+-------+--------+-------+---------|
| setCumulativeExtra                                        |           26953 | 26953 |  26953 | 26953 |       1 |
|-----------------------------------------------------------+-----------------+-------+--------+-------+---------|
| setMaxAge                                                 |           26609 | 26621 |  26621 | 26633 |       2 |
|-----------------------------------------------------------+-----------------+-------+--------+-------+---------|
| setObserveReverts                                         |           26587 | 26593 |  26593 | 26599 |       4 |
|-----------------------------------------------------------+-----------------+-------+--------+-------+---------|
| setSpot                                                   |           44116 | 44458 |  44464 | 44464 |      60 |
|-----------------------------------------------------------+-----------------+-------+--------+-------+---------|
| setTickSpacing                                            |           26619 | 26619 |  26619 | 26619 |       2 |
|-----------------------------------------------------------+-----------------+-------+--------+-------+---------|
| setTwapTick                                               |           24235 | 26816 |  27035 | 27035 |     324 |
|-----------------------------------------------------------+-----------------+-------+--------+-------+---------|
| slot0                                                     |             500 |   500 |    500 |   500 |     555 |
|-----------------------------------------------------------+-----------------+-------+--------+-------+---------|
| tickSpacing                                               |             358 |   358 |    358 |   358 |     872 |
|-----------------------------------------------------------+-----------------+-------+--------+-------+---------|
| token0                                                    |             348 |  1572 |   2348 |  2348 |    1426 |
|-----------------------------------------------------------+-----------------+-------+--------+-------+---------|
| token1                                                    |            2369 |  2369 |   2369 |  2369 |     873 |
╰-----------------------------------------------------------+-----------------+-------+--------+-------+---------╯

╭-------------------------------------------------------------+-----------------+-------+--------+-------+---------╮
| test/mocks/MockSlipstream.sol:MockSlipstreamRouter Contract |                 |       |        |       |         |
+==================================================================================================================+
| Deployment Cost                                             | Deployment Size |       |        |       |         |
|-------------------------------------------------------------+-----------------+-------+--------+-------+---------|
|                                                      466688 |            1971 |       |        |       |         |
|-------------------------------------------------------------+-----------------+-------+--------+-------+---------|
|                                                             |                 |       |        |       |         |
|-------------------------------------------------------------+-----------------+-------+--------+-------+---------|
| Function Name                                               | Min             | Avg   | Median | Max   | # Calls |
|-------------------------------------------------------------+-----------------+-------+--------+-------+---------|
| factory                                                     |            2379 |  2379 |   2379 |  2379 |      63 |
|-------------------------------------------------------------+-----------------+-------+--------+-------+---------|
| lastAmountIn                                                |            2371 |  2371 |   2371 |  2371 |       1 |
|-------------------------------------------------------------+-----------------+-------+--------+-------+---------|
| lastMinOut                                                  |            2284 |  2284 |   2284 |  2284 |       7 |
|-------------------------------------------------------------+-----------------+-------+--------+-------+---------|
| setFillOut                                                  |           23626 | 38999 |  43538 | 43550 |      37 |
|-------------------------------------------------------------+-----------------+-------+--------+-------+---------|
| setMode                                                     |           26544 | 26553 |  26556 | 26556 |       4 |
|-------------------------------------------------------------+-----------------+-------+--------+-------+---------|
| swaps                                                       |            2350 |  2350 |   2350 |  2350 |       2 |
╰-------------------------------------------------------------+-----------------+-------+--------+-------+---------╯

╭-------------------------------------------------------------+-----------------+-------+--------+-------+---------╮
| test/mocks/MockStockRegistry.sol:MockStockRegistry Contract |                 |       |        |       |         |
+==================================================================================================================+
| Deployment Cost                                             | Deployment Size |       |        |       |         |
|-------------------------------------------------------------+-----------------+-------+--------+-------+---------|
|                                                      658968 |            2875 |       |        |       |         |
|-------------------------------------------------------------+-----------------+-------+--------+-------+---------|
|                                                             |                 |       |        |       |         |
|-------------------------------------------------------------+-----------------+-------+--------+-------+---------|
| Function Name                                               | Min             | Avg   | Median | Max   | # Calls |
|-------------------------------------------------------------+-----------------+-------+--------+-------+---------|
| getStock                                                    |            8089 |  8089 |   8089 |  8089 |     880 |
|-------------------------------------------------------------+-----------------+-------+--------+-------+---------|
| quoteToken                                                  |            2425 |  2425 |   2425 |  2425 |      64 |
|-------------------------------------------------------------+-----------------+-------+--------+-------+---------|
| setEnabled                                                  |           27160 | 27166 |  27166 | 27172 |       4 |
|-------------------------------------------------------------+-----------------+-------+--------+-------+---------|
| setPool                                                     |           27401 | 27412 |  27413 | 27413 |      65 |
|-------------------------------------------------------------+-----------------+-------+--------+-------+---------|
| setRegistered                                               |           27202 | 27208 |  27208 | 27214 |       2 |
|-------------------------------------------------------------+-----------------+-------+--------+-------+---------|
| setSlipstreamFactory                                        |           43977 | 43977 |  43977 | 43977 |      56 |
|-------------------------------------------------------------+-----------------+-------+--------+-------+---------|
| setStock                                                    |           33384 | 69170 |  70384 | 70384 |      61 |
|-------------------------------------------------------------+-----------------+-------+--------+-------+---------|
| slipstreamFactory                                           |            2359 |  2359 |   2359 |  2359 |      63 |
╰-------------------------------------------------------------+-----------------+-------+--------+-------+---------╯

╭-----------------------------------------------------------+-----------------+-------+--------+-------+---------╮
| test/mocks/ReturnShapeToken.sol:ReturnShapeToken Contract |                 |       |        |       |         |
+================================================================================================================+
| Deployment Cost                                           | Deployment Size |       |        |       |         |
|-----------------------------------------------------------+-----------------+-------+--------+-------+---------|
|                                                    582999 |            2675 |       |        |       |         |
|-----------------------------------------------------------+-----------------+-------+--------+-------+---------|
|                                                           |                 |       |        |       |         |
|-----------------------------------------------------------+-----------------+-------+--------+-------+---------|
| Function Name                                             | Min             | Avg   | Median | Max   | # Calls |
|-----------------------------------------------------------+-----------------+-------+--------+-------+---------|
| balanceOf                                                 |             559 |  1559 |   1559 |  2559 |       6 |
|-----------------------------------------------------------+-----------------+-------+--------+-------+---------|
| mint                                                      |           68404 | 68404 |  68404 | 68404 |       1 |
|-----------------------------------------------------------+-----------------+-------+--------+-------+---------|
| setShape                                                  |           21820 | 29790 |  23820 | 43732 |       9 |
╰-----------------------------------------------------------+-----------------+-------+--------+-------+---------╯

╭-------------------------------------------------+-----------------+-----+--------+-----+---------╮
| test/raffle/Raffle.t.sol:BrokenEntropy Contract |                 |     |        |     |         |
+==================================================================================================+
| Deployment Cost                                 | Deployment Size |     |        |     |         |
|-------------------------------------------------+-----------------+-----+--------+-----+---------|
|                                          154723 |             498 |     |        |     |         |
|-------------------------------------------------+-----------------+-----+--------+-----+---------|
|                                                 |                 |     |        |     |         |
|-------------------------------------------------+-----------------+-----+--------+-----+---------|
| Function Name                                   | Min             | Avg | Median | Max | # Calls |
|-------------------------------------------------+-----------------+-----+--------+-----+---------|
| getDefaultProvider                              |             175 | 175 |    175 | 175 |       2 |
|-------------------------------------------------+-----------------+-----+--------+-----+---------|
| getFeeV2                                        |             424 | 424 |    424 | 424 |       2 |
╰-------------------------------------------------+-----------------+-----+--------+-----+---------╯

╭--------------------------------------------------+-----------------+-------+--------+-------+---------╮
| test/raffle/Raffle.t.sol:ReentrantToken Contract |                 |       |        |       |         |
+=======================================================================================================+
| Deployment Cost                                  | Deployment Size |       |        |       |         |
|--------------------------------------------------+-----------------+-------+--------+-------+---------|
|                                           610345 |            2824 |       |        |       |         |
|--------------------------------------------------+-----------------+-------+--------+-------+---------|
|                                                  |                 |       |        |       |         |
|--------------------------------------------------+-----------------+-------+--------+-------+---------|
| Function Name                                    | Min             | Avg   | Median | Max   | # Calls |
|--------------------------------------------------+-----------------+-------+--------+-------+---------|
| arm                                              |           88307 | 88307 |  88307 | 88307 |       1 |
|--------------------------------------------------+-----------------+-------+--------+-------+---------|
| balanceOf                                        |             598 |  1931 |   2598 |  2598 |       3 |
|--------------------------------------------------+-----------------+-------+--------+-------+---------|
| mint                                             |           70628 | 70628 |  70628 | 70628 |       1 |
|--------------------------------------------------+-----------------+-------+--------+-------+---------|
| reentryBlocked                                   |            2343 |  2343 |   2343 |  2343 |       1 |
╰--------------------------------------------------+-----------------+-------+--------+-------+---------╯


Ran 1 test suite in 1.63s (787.00ms CPU time): 56 tests passed, 0 failed, 0 skipped (56 total tests)
